// Jest Snapshot v1, https://goo.gl/fbAQLP

exports[`Tabs Component renders learn react link 1`] = `[Function]`;
